> Task :build-logic:checkKotlinGradlePluginConfigurationErrors SKIPPED
> Task :build-logic:compileKotlin UP-TO-DATE
> Task :build-logic:compileJava NO-SOURCE
> Task :build-logic:pluginDescriptors UP-TO-DATE
> Task :build-logic:processResources UP-TO-DATE
> Task :build-logic:classes UP-TO-DATE
> Task :build-logic:jar UP-TO-DATE
> Task :gateway:autoconfigure:checkKotlinGradlePluginConfigurationErrors SKIPPED
> Task :gateway:core:checkKotlinGradlePluginConfigurationErrors SKIPPED
> Task :support:jwt:checkKotlinGradlePluginConfigurationErrors SKIPPED
> Task :support:util:checkKotlinGradlePluginConfigurationErrors SKIPPED
> Task :support:util:compileKotlin UP-TO-DATE
> Task :support:util:compileJava NO-SOURCE
> Task :support:util:processResources NO-SOURCE
> Task :support:util:classes UP-TO-DATE
> Task :support:util:jar UP-TO-DATE
> Task :support:jwt:compileKotlin UP-TO-DATE
> Task :support:jwt:compileJava NO-SOURCE
> Task :support:logging:checkKotlinGradlePluginConfigurationErrors SKIPPED
> Task :support:logging:compileKotlin UP-TO-DATE
> Task :support:logging:compileJava NO-SOURCE
> Task :support:logging:processResources UP-TO-DATE
> Task :support:logging:classes UP-TO-DATE
> Task :support:logging:jar UP-TO-DATE
> Task :support:web:checkKotlinGradlePluginConfigurationErrors SKIPPED
> Task :support:web:compileKotlin UP-TO-DATE
> Task :support:web:compileJava NO-SOURCE
> Task :support:web:processResources NO-SOURCE
> Task :support:web:classes UP-TO-DATE
> Task :support:web:jar UP-TO-DATE
> Task :gateway:core:processResources NO-SOURCE
> Task :gateway:autoconfigure:processResources UP-TO-DATE
> Task :gateway:autoconfigure:processTestResources NO-SOURCE
> Task :support:jwt:processResources NO-SOURCE
> Task :support:jwt:classes UP-TO-DATE
> Task :support:jwt:jar UP-TO-DATE
> Task :gateway:core:compileKotlin
> Task :gateway:core:compileJava NO-SOURCE
> Task :gateway:core:classes UP-TO-DATE
> Task :gateway:core:jar
> Task :gateway:autoconfigure:compileKotlin
> Task :gateway:autoconfigure:compileJava NO-SOURCE
> Task :gateway:autoconfigure:classes UP-TO-DATE
> Task :gateway:autoconfigure:jar
> Task :gateway:autoconfigure:compileTestKotlin
> Task :gateway:autoconfigure:compileTestJava NO-SOURCE
> Task :gateway:autoconfigure:testClasses UP-TO-DATE
OpenJDK 64-Bit Server VM warning: Sharing is only supported for boot loader classes because bootstrap classpath has been appended
> Task :gateway:autoconfigure:test

BUILD SUCCESSFUL in 3s
20 actionable tasks: 6 executed, 14 up-to-date
Consider enabling configuration cache to speed up this build: https://docs.gradle.org/9.5.1/userguide/configuration_cache_enabling.html
